\BOOKMARK [0][-]{chapter.1}{\376\377\000L\000a\000b\000o\000r\000a\000t\000o\000r\000i\000u\000m\000\040\0001}{}% 1
\BOOKMARK [1][-]{section.1.1}{\376\377\000C\000e\000l\000\040\001\007\000w\000i\000c\000z\000e\000n\000i\000a}{chapter.1}% 2
\BOOKMARK [1][-]{section.1.2}{\376\377\000W\000s\000t\001\031\000p\000\040\000t\000e\000o\000r\000e\000t\000y\000c\000z\000n\000y}{chapter.1}% 3
\BOOKMARK [1][-]{section.1.3}{\376\377\000O\000p\000i\000s\000\040\000w\000y\000k\000o\000r\000z\000y\000s\000t\000y\000w\000a\000n\000e\000g\000o\000\040\000o\000p\000r\000o\000g\000r\000a\000m\000o\000w\000a\000n\000i\000a\000\040\000i\000\040\000n\000a\000r\000z\001\031\000d\000z\000i}{chapter.1}% 4
\BOOKMARK [1][-]{section.1.4}{\376\377\000Z\000a\000d\000a\000n\000i\000a\000\040\000d\000o\000\040\000w\000y\000k\000o\000n\000a\000n\000i\000a\000\040\000s\000a\000m\000o\000d\000z\000i\000e\000l\000n\000e\000g\000o}{chapter.1}% 5
\BOOKMARK [2][-]{subsection.1.4.1}{\376\377\000Z\000a\000d\000a\000n\000i\000e\000\040\0001}{section.1.4}% 6
\BOOKMARK [2][-]{subsection.1.4.2}{\376\377\000Z\000a\000d\000a\000n\000i\000e\000\040\0002}{section.1.4}% 7
\BOOKMARK [2][-]{subsection.1.4.3}{\376\377\000Z\000a\000d\000a\000n\000i\000e\000\040\0003}{section.1.4}% 8
\BOOKMARK [2][-]{subsection.1.4.4}{\376\377\000Z\000a\000d\000a\000n\000i\000e\000\040\0004}{section.1.4}% 9
\BOOKMARK [2][-]{subsection.1.4.5}{\376\377\000Z\000a\000d\000a\000n\000i\000e\000\040\0005}{section.1.4}% 10
\BOOKMARK [1][-]{section.1.5}{\376\377\000W\000n\000i\000o\000s\000k\000i}{chapter.1}% 11
\BOOKMARK [0][-]{chapter.2}{\376\377\000L\000a\000b\000o\000r\000a\000t\000o\000r\000i\000u\000m\000\040\0002}{}% 12
\BOOKMARK [1][-]{section.2.1}{\376\377\000C\000e\000l\000\040\001\007\000w\000i\000c\000z\000e\000n\000i\000a}{chapter.2}% 13
\BOOKMARK [1][-]{section.2.2}{\376\377\000W\000s\000t\001\031\000p\000\040\000t\000e\000o\000r\000e\000t\000y\000c\000z\000n\000y}{chapter.2}% 14
\BOOKMARK [1][-]{section.2.3}{\376\377\000O\000p\000i\000s\000\040\000w\000y\000k\000o\000r\000z\000y\000s\000t\000y\000w\000a\000n\000e\000g\000o\000\040\000o\000p\000r\000o\000g\000r\000a\000m\000o\000w\000a\000n\000i\000a\000\040\000i\000\040\000n\000a\000r\000z\001\031\000d\000z\000i}{chapter.2}% 15
\BOOKMARK [1][-]{section.2.4}{\376\377\000Z\000a\000d\000a\000n\000i\000a\000\040\000d\000o\000\040\000w\000y\000k\000o\000n\000a\000n\000i\000a\000\040\000s\000a\000m\000o\000d\000z\000i\000e\000l\000n\000e\000g\000o}{chapter.2}% 16
\BOOKMARK [2][-]{subsection.2.4.1}{\376\377\000Z\000a\000d\000a\000n\000i\000e\000\040\0001}{section.2.4}% 17
\BOOKMARK [1][-]{section.2.5}{\376\377\000W\000n\000i\000o\000s\000k\000i}{chapter.2}% 18
\BOOKMARK [0][-]{chapter.3}{\376\377\000L\000a\000b\000o\000r\000a\000t\000o\000r\000i\000u\000m\000\040\0003}{}% 19
\BOOKMARK [1][-]{section.3.1}{\376\377\000C\000e\000l\000\040\001\007\000w\000i\000c\000z\000e\000n\000i\000a}{chapter.3}% 20
\BOOKMARK [1][-]{section.3.2}{\376\377\000W\000s\000t\001\031\000p\000\040\000t\000e\000o\000r\000e\000t\000y\000c\000z\000n\000y}{chapter.3}% 21
\BOOKMARK [2][-]{subsection.3.2.1}{\376\377\000S\000z\000k\000i\000e\000l\000e\000t\000y\000z\000a\000c\000j\000a\000\040\000o\000b\000r\000a\000z\000\363\000w\000\040\000b\000i\000n\000a\000r\000n\000y\000c\000h}{section.3.2}% 22
\BOOKMARK [2][-]{subsection.3.2.2}{\376\377\000A\000l\000g\000o\000r\000y\000t\000m\000\040\000C\000h\000i\000n\000-\000V\000a\000n\000-\000S\000t\000o\000v\000e\000r\000-\000I\000v\000e\000r\000s\000o\000n}{section.3.2}% 23
\BOOKMARK [2][-]{subsection.3.2.3}{\376\377\000S\000z\000k\000i\000e\000l\000e\000t\000y\000z\000a\000c\000j\000a\000\040\000o\000b\000r\000a\000z\000\363\000w\000\040\000t\000o\000n\000o\000w\000a\000n\000y\000c\000h}{section.3.2}% 24
\BOOKMARK [1][-]{section.3.3}{\376\377\000Z\000a\000d\000a\000n\000i\000a\000\040\000d\000o\000\040\000w\000y\000k\000o\000n\000a\000n\000i\000a\000\040\000s\000a\000m\000o\000d\000z\000i\000e\000l\000n\000e\000g\000o}{chapter.3}% 25
\BOOKMARK [2][-]{subsection.3.3.1}{\376\377\000Z\000a\000d\000a\000n\000i\000e\000\040\0001}{section.3.3}% 26
\BOOKMARK [1][-]{section.3.4}{\376\377\000W\000n\000i\000o\000s\000k\000i}{chapter.3}% 27
\BOOKMARK [0][-]{chapter.4}{\376\377\000L\000a\000b\000o\000r\000a\000t\000o\000r\000i\000u\000m\000\040\0004}{}% 28
\BOOKMARK [1][-]{section.4.1}{\376\377\000C\000e\000l\000\040\001\007\000w\000i\000c\000z\000e\000n\000i\000a}{chapter.4}% 29
\BOOKMARK [1][-]{section.4.2}{\376\377\000W\000s\000t\001\031\000p\000\040\000t\000e\000o\000r\000e\000t\000y\000c\000z\000n\000y}{chapter.4}% 30
\BOOKMARK [1][-]{section.4.3}{\376\377\000O\000p\000i\000s\000\040\000w\000y\000k\000o\000r\000z\000y\000s\000t\000y\000w\000a\000n\000e\000g\000o\000\040\000o\000p\000r\000o\000g\000r\000a\000m\000o\000w\000a\000n\000i\000a\000\040\000i\000\040\000n\000a\000r\000z\001\031\000d\000z\000i}{chapter.4}% 31
\BOOKMARK [1][-]{section.4.4}{\376\377\000Z\000a\000d\000a\000n\000i\000a\000\040\000d\000o\000\040\000w\000y\000k\000o\000n\000a\000n\000i\000a\000\040\000s\000a\000m\000o\000d\000z\000i\000e\000l\000n\000e\000g\000o}{chapter.4}% 32
\BOOKMARK [2][-]{subsection.4.4.1}{\376\377\000Z\000a\000d\000a\000n\000i\000e\000\040\000X}{section.4.4}% 33
\BOOKMARK [1][-]{section.4.5}{\376\377\000W\000n\000i\000o\000s\000k\000i}{chapter.4}% 34
\BOOKMARK [1][-]{section.4.5}{\376\377\000B\000i\000b\000l\000i\000o\000g\000r\000a\000f\000i\000a}{chapter.4}% 35
\BOOKMARK [1][-]{chapter*.12}{\376\377\000S\000p\000i\000s\000\040\000r\000y\000s\000u\000n\000k\000\363\000w}{chapter.4}% 36
\BOOKMARK [1][-]{chapter*.12}{\376\377\000S\000p\000i\000s\000\040\000t\000a\000b\000e\000l}{chapter.4}% 37
\BOOKMARK [1][-]{chapter*.12}{\376\377\000S\000p\000i\000s\000\040\000l\000i\000s\000t\000i\000n\000g\000\363\000w}{chapter.4}% 38
\BOOKMARK [1][-]{chapter*.14}{\376\377\000O\001\133\000w\000i\000a\000d\000c\000z\000e\000n\000i\000e\000\040\000s\000t\000u\000d\000e\000n\000t\000a\000\040\000o\000\040\000s\000a\000m\000o\000d\000z\000i\000e\000l\000n\000o\001\133\000c\000i\000\040\000p\000r\000a\000c\000y}{chapter.4}% 39
