This is pdfTeX, Version 3.141592653-2.6-1.40.27 (MiKTeX 25.3) (preloaded format=pdflatex 2025.3.23)  27 APR 2025 16:58
entering extended mode
 restricted \write18 enabled.
 %&-line parsing enabled.
**./praca.tex
(praca.tex
LaTeX2e <2024-11-01> patch level 2
L3 programming layer <2025-01-18>
(urdpl.cls *** [urdpl.cls] --- (ZG, EZ) v1.0 <19.09.2024> ***
Document Class: urdpl 
(C:\Program Files\MiKTeX\tex/latex/base\report.cls
Document Class: report 2024/06/29 v1.4n Standard LaTeX document class
(C:\Program Files\MiKTeX\tex/latex/base\size10.clo
File: size10.clo 2024/06/29 v1.4n Standard LaTeX file (size option)
)
\c@part=\count196
\c@chapter=\count197
\c@section=\count198
\c@subsection=\count199
\c@subsubsection=\count266
\c@paragraph=\count267
\c@subparagraph=\count268
\c@figure=\count269
\c@table=\count270
\abovecaptionskip=\skip49
\belowcaptionskip=\skip50
\bibindent=\dimen141
)
(C:\Program Files\MiKTeX\tex/latex/psnfss\times.sty
Package: times 2020/03/25 PSNFSS-v9.3 (SPQR) 
)
(C:\Program Files\MiKTeX\tex/latex/base\fontenc.sty
Package: fontenc 2021/04/29 v2.0v Standard LaTeX package
LaTeX Font Info:    Trying to load font information for T1+ptm on input line 11
6.

(C:\Program Files\MiKTeX\tex/latex/psnfss\t1ptm.fd
File: t1ptm.fd 2001/06/04 font definitions for T1/ptm.
))
(C:\Program Files\MiKTeX\tex/latex/graphics\graphicx.sty
Package: graphicx 2021/09/16 v1.2d Enhanced LaTeX Graphics (DPC,SPQR)

(C:\Program Files\MiKTeX\tex/latex/graphics\keyval.sty
Package: keyval 2022/05/29 v1.15 key=value parser (DPC)
\KV@toks@=\toks17
)
(C:\Program Files\MiKTeX\tex/latex/graphics\graphics.sty
Package: graphics 2024/08/06 v1.4g Standard LaTeX Graphics (DPC,SPQR)

(C:\Program Files\MiKTeX\tex/latex/graphics\trig.sty
Package: trig 2023/12/02 v1.11 sin cos tan (DPC)
)
(C:\Program Files\MiKTeX\tex/latex/graphics-cfg\graphics.cfg
File: graphics.cfg 2016/06/04 v1.11 sample graphics configuration
)
Package graphics Info: Driver file: pdftex.def on input line 106.

(C:\Program Files\MiKTeX\tex/latex/graphics-def\pdftex.def
File: pdftex.def 2024/04/13 v1.2c Graphics/color driver for pdftex
))
\Gin@req@height=\dimen142
\Gin@req@width=\dimen143
)
(C:\Program Files\MiKTeX\tex/latex/geometry\geometry.sty
Package: geometry 2020/01/02 v5.9 Page Geometry

(C:\Program Files\MiKTeX\tex/generic/iftex\ifvtex.sty
Package: ifvtex 2019/10/25 v1.7 ifvtex legacy package. Use iftex instead.

(C:\Program Files\MiKTeX\tex/generic/iftex\iftex.sty
Package: iftex 2024/12/12 v1.0g TeX engine tests
))
\Gm@cnth=\count271
\Gm@cntv=\count272
\c@Gm@tempcnt=\count273
\Gm@bindingoffset=\dimen144
\Gm@wd@mp=\dimen145
\Gm@odd@mp=\dimen146
\Gm@even@mp=\dimen147
\Gm@layoutwidth=\dimen148
\Gm@layoutheight=\dimen149
\Gm@layouthoffset=\dimen150
\Gm@layoutvoffset=\dimen151
\Gm@dimlist=\toks18

(C:\Program Files\MiKTeX\tex/latex/geometry\geometry.cfg))
(C:\Program Files\MiKTeX\tex/latex/graphics\color.sty
Package: color 2024/06/23 v1.3e Standard LaTeX Color (DPC)

(C:\Program Files\MiKTeX\tex/latex/graphics-cfg\color.cfg
File: color.cfg 2016/01/02 v1.6 sample color configuration
)
Package color Info: Driver file: pdftex.def on input line 149.

(C:\Program Files\MiKTeX\tex/latex/graphics\mathcolor.ltx))
(C:\Program Files\MiKTeX\tex/latex/fancyhdr\fancyhdr.sty
Package: fancyhdr 2025/02/07 v5.2 Extensive control of page headers and footers

\f@nch@headwidth=\skip51
\f@nch@offset@elh=\skip52
\f@nch@offset@erh=\skip53
\f@nch@offset@olh=\skip54
\f@nch@offset@orh=\skip55
\f@nch@offset@elf=\skip56
\f@nch@offset@erf=\skip57
\f@nch@offset@olf=\skip58
\f@nch@offset@orf=\skip59
\f@nch@height=\skip60
\f@nch@footalignment=\skip61
\f@nch@widthL=\skip62
\f@nch@widthC=\skip63
\f@nch@widthR=\skip64
\@temptokenb=\toks19
)
(C:\Program Files\MiKTeX\tex/latex/url\url.sty
\Urlmuskip=\muskip17
Package: url 2013/09/16  ver 3.4  Verb mode for urls, etc.
)
(C:\Program Files\MiKTeX\tex/latex/titlesec\titlesec.sty
Package: titlesec 2025/01/04 v2.17 Sectioning titles
\ttl@box=\box52
\beforetitleunit=\skip65
\aftertitleunit=\skip66
\ttl@plus=\dimen152
\ttl@minus=\dimen153
\ttl@toksa=\toks20
\titlewidth=\dimen154
\titlewidthlast=\dimen155
\titlewidthfirst=\dimen156
)
(C:\Program Files\MiKTeX\tex/latex/tocloft\tocloft.sty
Package: tocloft 2017/08/31 v2.3i parameterised ToC, etc., typesetting
Package tocloft Info: The document has chapter divisions on input line 51.
\cftparskip=\skip67
\cftbeforetoctitleskip=\skip68
\cftaftertoctitleskip=\skip69
\cftbeforepartskip=\skip70
\cftpartnumwidth=\skip71
\cftpartindent=\skip72
\cftbeforechapskip=\skip73
\cftchapindent=\skip74
\cftchapnumwidth=\skip75
\cftbeforesecskip=\skip76
\cftsecindent=\skip77
\cftsecnumwidth=\skip78
\cftbeforesubsecskip=\skip79
\cftsubsecindent=\skip80
\cftsubsecnumwidth=\skip81
\cftbeforesubsubsecskip=\skip82
\cftsubsubsecindent=\skip83
\cftsubsubsecnumwidth=\skip84
\cftbeforeparaskip=\skip85
\cftparaindent=\skip86
\cftparanumwidth=\skip87
\cftbeforesubparaskip=\skip88
\cftsubparaindent=\skip89
\cftsubparanumwidth=\skip90
\cftbeforeloftitleskip=\skip91
\cftafterloftitleskip=\skip92
\cftbeforefigskip=\skip93
\cftfigindent=\skip94
\cftfignumwidth=\skip95
\c@lofdepth=\count274
\c@lotdepth=\count275
\cftbeforelottitleskip=\skip96
\cftafterlottitleskip=\skip97
\cftbeforetabskip=\skip98
\cfttabindent=\skip99
\cfttabnumwidth=\skip100
)
(C:\Program Files\MiKTeX\tex/latex/caption\caption.sty
Package: caption 2023/08/05 v3.6o Customizing captions (AR)

(C:\Program Files\MiKTeX\tex/latex/caption\caption3.sty
Package: caption3 2023/07/31 v2.4d caption3 kernel (AR)
\caption@tempdima=\dimen157
\captionmargin=\dimen158
\caption@leftmargin=\dimen159
\caption@rightmargin=\dimen160
\caption@width=\dimen161
\caption@indent=\dimen162
\caption@parindent=\dimen163
\caption@hangindent=\dimen164
Package caption Info: Standard document class detected.
)
\c@caption@flags=\count276
\c@continuedfloat=\count277
)
(C:\Program Files\MiKTeX\tex/latex/caption\subcaption.sty
Package: subcaption 2023/07/28 v1.6b Sub-captions (AR)
Package caption Info: New subtype `subfigure' on input line 238.
\c@subfigure=\count278
Package caption Info: New subtype `subtable' on input line 238.
\c@subtable=\count279
)
(C:\Program Files\MiKTeX\tex/latex/siunitx\siunitx.sty
Package: siunitx 2025-03-26 v3.4.8 A comprehensive (SI) units package
\l__siunitx_number_uncert_offset_int=\count280
\l__siunitx_number_exponent_fixed_int=\count281
\l__siunitx_number_min_decimal_int=\count282
\l__siunitx_number_min_integer_int=\count283
\l__siunitx_number_round_precision_int=\count284
\l__siunitx_number_lower_threshold_int=\count285
\l__siunitx_number_upper_threshold_int=\count286
\l__siunitx_number_group_first_int=\count287
\l__siunitx_number_group_size_int=\count288
\l__siunitx_number_group_minimum_int=\count289
\l__siunitx_angle_tmp_dim=\dimen165
\l__siunitx_angle_marker_box=\box53
\l__siunitx_angle_unit_box=\box54
\l__siunitx_compound_count_int=\count290

(C:\Program Files\MiKTeX\tex/latex/translations\translations.sty
Package: translations 2022/02/05 v1.12 internationalization of LaTeX2e packages
 (CN)

(C:\Program Files\MiKTeX\tex/latex/etoolbox\etoolbox.sty
Package: etoolbox 2025/02/11 v2.5l e-TeX tools for LaTeX (JAW)
\etb@tempcnta=\count291
)
(C:\Program Files\MiKTeX\tex/generic/pdftexcmds\pdftexcmds.sty
Package: pdftexcmds 2020-06-27 v0.33 Utility functions of pdfTeX for LuaTeX (HO
)

(C:\Program Files\MiKTeX\tex/generic/infwarerr\infwarerr.sty
Package: infwarerr 2019/12/03 v1.5 Providing info/warning/error messages (HO)
)
(C:\Program Files\MiKTeX\tex/generic/ltxcmds\ltxcmds.sty
Package: ltxcmds 2023-12-04 v1.26 LaTeX kernel commands for general use (HO)
)
Package pdftexcmds Info: \pdf@primitive is available.
Package pdftexcmds Info: \pdf@ifprimitive is available.
Package pdftexcmds Info: \pdfdraftmode found.
))
(C:\Program Files\MiKTeX\tex/latex/amsmath\amstext.sty
Package: amstext 2021/08/26 v2.01 AMS text

(C:\Program Files\MiKTeX\tex/latex/amsmath\amsgen.sty
File: amsgen.sty 1999/11/30 v2.0 generic functions
\@emptytoks=\toks21
\ex@=\dimen166
))
\l__siunitx_table_tmp_box=\box55
\l__siunitx_table_tmp_dim=\dimen167
\l__siunitx_table_column_width_dim=\dimen168
\l__siunitx_table_integer_box=\box56
\l__siunitx_table_decimal_box=\box57
\l__siunitx_table_uncert_box=\box58
\l__siunitx_table_before_box=\box59
\l__siunitx_table_after_box=\box60
\l__siunitx_table_before_dim=\dimen169
\l__siunitx_table_carry_dim=\dimen170
\l__siunitx_unit_tmp_int=\count292
\l__siunitx_unit_position_int=\count293
\l__siunitx_unit_total_int=\count294

(C:\Program Files\MiKTeX\tex/latex/tools\array.sty
Package: array 2024/10/17 v2.6g Tabular extension package (FMi)
\col@sep=\dimen171
\ar@mcellbox=\box61
\extrarowheight=\dimen172
\NC@list=\toks22
\extratabsurround=\skip101
\backup@length=\skip102
\ar@cellbox=\box62
))
(C:\Program Files\MiKTeX\tex/latex/tools\enumerate.sty
Package: enumerate 2023/07/04 v3.00 enumerate extensions (DPC)
\@enLab=\toks23
)
(C:\Program Files\MiKTeX\tex/latex/enumitem\enumitem.sty
Package: enumitem 2025/02/06 v3.11 Customized lists
\labelindent=\skip103
\enit@outerparindent=\dimen173
\enit@toks=\toks24
\enit@inbox=\box63
\enit@count@id=\count295
\enitdp@description=\count296
)
(C:\Program Files\MiKTeX\tex/latex/nowidow\nowidow.sty
Package: nowidow 2011/09/20 1.0 Easily prevent widows and orphans
Package: nowidow 

(C:\Program Files\MiKTeX\tex/latex/kvoptions\kvoptions.sty
Package: kvoptions 2022-06-15 v3.15 Key value format for package options (HO)

(C:\Program Files\MiKTeX\tex/latex/kvsetkeys\kvsetkeys.sty
Package: kvsetkeys 2022-10-05 v1.19 Key value parser (HO)
)))
\descriptiondashgap=\skip104
\eqwheremargin=\skip105
)
(C:\Program Files\MiKTeX\tex/generic/babel\babel.sty
Package: babel 2025/02/14 v25.4 The multilingual framework for pdfLaTeX, LuaLaT
eX and XeLaTeX
\babel@savecnt=\count297
\U@D=\dimen174
\l@unhyphenated=\language79

(C:\Program Files\MiKTeX\tex/generic/babel\txtbabel.def)
\bbl@readstream=\read2
\bbl@dirlevel=\count298

*************************************
* Local config file bblopts.cfg used
*
(C:\Program Files\MiKTeX\tex/latex/arabi\bblopts.cfg
File: bblopts.cfg 2005/09/08 v0.1 add Arabic and Farsi to "declared" options of
 babel
)
(C:\Program Files\MiKTeX\tex/latex/babel-english\english.ldf
Language: english 2017/06/06 v3.3r English support from the babel system
Package babel Info: Hyphen rules for 'canadian' set to \l@english
(babel)             (\language0). Reported on input line 102.
Package babel Info: Hyphen rules for 'australian' set to \l@ukenglish
(babel)             (\language73). Reported on input line 105.
Package babel Info: Hyphen rules for 'newzealand' set to \l@ukenglish
(babel)             (\language73). Reported on input line 108.
)
(C:\Program Files\MiKTeX\tex/latex/babel-polish\polish.ldf
Language: polish 2022/03/12 1.3 Babel support for Polish
Package babel Info: Making " an active character on input line 101.
))
(C:\Program Files\MiKTeX\tex/generic/babel/locale/pl\babel-polish.tex
Package babel Info: Importing font and identification data for polish
(babel)             from babel-pl.ini. Reported on input line 11.
)
(C:\Program Files\MiKTeX\tex/generic/babel/locale/en\babel-english.tex
Package babel Info: Importing font and identification data for english
(babel)             from babel-en.ini. Reported on input line 11.
)
(C:\Program Files\MiKTeX\tex/latex/polski\polski.sty
Package: polski 2021/08/25 v1.3.6 Polish language package
)
(C:\Program Files\MiKTeX\tex/latex/base\inputenc.sty
Package: inputenc 2024/02/08 v1.3d Input encoding file
\inpenc@prehook=\toks25
\inpenc@posthook=\toks26
)
(C:\Program Files\MiKTeX\tex/latex/mathtools\mathtools.sty
Package: mathtools 2024/10/04 v1.31 mathematical typesetting tools

(C:\Program Files\MiKTeX\tex/latex/tools\calc.sty
Package: calc 2023/07/08 v4.3 Infix arithmetic (KKT,FJ)
\calc@Acount=\count299
\calc@Bcount=\count300
\calc@Adimen=\dimen175
\calc@Bdimen=\dimen176
\calc@Askip=\skip106
\calc@Bskip=\skip107
LaTeX Info: Redefining \setlength on input line 80.
LaTeX Info: Redefining \addtolength on input line 81.
\calc@Ccount=\count301
\calc@Cskip=\skip108
)
(C:\Program Files\MiKTeX\tex/latex/mathtools\mhsetup.sty
Package: mhsetup 2021/03/18 v1.4 programming setup (MH)
)
(C:\Program Files\MiKTeX\tex/latex/amsmath\amsmath.sty
Package: amsmath 2024/11/05 v2.17t AMS math features
\@mathmargin=\skip109

For additional information on amsmath, use the `?' option.
(C:\Program Files\MiKTeX\tex/latex/amsmath\amsbsy.sty
Package: amsbsy 1999/11/29 v1.2d Bold Symbols
\pmbraise@=\dimen177
)
(C:\Program Files\MiKTeX\tex/latex/amsmath\amsopn.sty
Package: amsopn 2022/04/08 v2.04 operator names
)
\inf@bad=\count302
LaTeX Info: Redefining \frac on input line 233.
\uproot@=\count303
\leftroot@=\count304
LaTeX Info: Redefining \overline on input line 398.
LaTeX Info: Redefining \colon on input line 409.
\classnum@=\count305
\DOTSCASE@=\count306
LaTeX Info: Redefining \ldots on input line 495.
LaTeX Info: Redefining \dots on input line 498.
LaTeX Info: Redefining \cdots on input line 619.
\Mathstrutbox@=\box64
\strutbox@=\box65
LaTeX Info: Redefining \big on input line 721.
LaTeX Info: Redefining \Big on input line 722.
LaTeX Info: Redefining \bigg on input line 723.
LaTeX Info: Redefining \Bigg on input line 724.
\big@size=\dimen178
LaTeX Font Info:    Redeclaring font encoding OML on input line 742.
LaTeX Font Info:    Redeclaring font encoding OMS on input line 743.
\macc@depth=\count307
LaTeX Info: Redefining \bmod on input line 904.
LaTeX Info: Redefining \pmod on input line 909.
LaTeX Info: Redefining \smash on input line 939.
LaTeX Info: Redefining \relbar on input line 969.
LaTeX Info: Redefining \Relbar on input line 970.
\c@MaxMatrixCols=\count308
\dotsspace@=\muskip18
\c@parentequation=\count309
\dspbrk@lvl=\count310
\tag@help=\toks27
\row@=\count311
\column@=\count312
\maxfields@=\count313
\andhelp@=\toks28
\eqnshift@=\dimen179
\alignsep@=\dimen180
\tagshift@=\dimen181
\tagwidth@=\dimen182
\totwidth@=\dimen183
\lineht@=\dimen184
\@envbody=\toks29
\multlinegap=\skip110
\multlinetaggap=\skip111
\mathdisplay@stack=\toks30
LaTeX Info: Redefining \[ on input line 2953.
LaTeX Info: Redefining \] on input line 2954.
)
\g_MT_multlinerow_int=\count314
\l_MT_multwidth_dim=\dimen185
\origjot=\skip112
\l_MT_shortvdotswithinadjustabove_dim=\dimen186
\l_MT_shortvdotswithinadjustbelow_dim=\dimen187
\l_MT_above_intertext_sep=\dimen188
\l_MT_below_intertext_sep=\dimen189
\l_MT_above_shortintertext_sep=\dimen190
\l_MT_below_shortintertext_sep=\dimen191
\xmathstrut@box=\box66
\xmathstrut@dim=\dimen192
)
(C:\Program Files\MiKTeX\tex/latex/amsfonts\amsfonts.sty
Package: amsfonts 2013/01/14 v3.01 Basic AMSFonts support
\symAMSa=\mathgroup4
\symAMSb=\mathgroup5
LaTeX Font Info:    Redeclaring math symbol \hbar on input line 98.
LaTeX Font Info:    Overwriting math alphabet `\mathfrak' in version `bold'
(Font)                  U/euf/m/n --> U/euf/b/n on input line 106.
)
(C:\Program Files\MiKTeX\tex/latex/amscls\amsthm.sty
Package: amsthm 2020/05/29 v2.20.6
\thm@style=\toks31
\thm@bodyfont=\toks32
\thm@headfont=\toks33
\thm@notefont=\toks34
\thm@headpunct=\toks35
\thm@preskip=\skip113
\thm@postskip=\skip114
\thm@headsep=\skip115
\dth@everypar=\toks36
)
(C:\Program Files\MiKTeX\tex/latex/hyperref\hyperref.sty
Package: hyperref 2024-11-05 v7.01l Hypertext links for LaTeX

(C:\Program Files\MiKTeX\tex/generic/kvdefinekeys\kvdefinekeys.sty
Package: kvdefinekeys 2019-12-19 v1.6 Define keys (HO)
)
(C:\Program Files\MiKTeX\tex/generic/pdfescape\pdfescape.sty
Package: pdfescape 2019/12/09 v1.15 Implements pdfTeX's escape features (HO)
)
(C:\Program Files\MiKTeX\tex/latex/hycolor\hycolor.sty
Package: hycolor 2020-01-27 v1.10 Color options for hyperref/bookmark (HO)
)
(C:\Program Files\MiKTeX\tex/latex/hyperref\nameref.sty
Package: nameref 2023-11-26 v2.56 Cross-referencing by name of section

(C:\Program Files\MiKTeX\tex/latex/refcount\refcount.sty
Package: refcount 2019/12/15 v3.6 Data extraction from label references (HO)
)
(C:\Program Files\MiKTeX\tex/generic/gettitlestring\gettitlestring.sty
Package: gettitlestring 2019/12/15 v1.6 Cleanup title references (HO)
)
\c@section@level=\count315
)
(C:\Program Files\MiKTeX\tex/generic/stringenc\stringenc.sty
Package: stringenc 2019/11/29 v1.12 Convert strings between diff. encodings (HO
)
)
\@linkdim=\dimen193
\Hy@linkcounter=\count316
\Hy@pagecounter=\count317

(C:\Program Files\MiKTeX\tex/latex/hyperref\pd1enc.def
File: pd1enc.def 2024-11-05 v7.01l Hyperref: PDFDocEncoding definition (HO)
Now handling font encoding PD1 ...
... no UTF-8 mapping file for font encoding PD1
)
(C:\Program Files\MiKTeX\tex/generic/intcalc\intcalc.sty
Package: intcalc 2019/12/15 v1.3 Expandable calculations with integers (HO)
)
\Hy@SavedSpaceFactor=\count318

(C:\Program Files\MiKTeX\tex/latex/hyperref\puenc.def
File: puenc.def 2024-11-05 v7.01l Hyperref: PDF Unicode definition (HO)
Now handling font encoding PU ...
... no UTF-8 mapping file for font encoding PU
)
Package hyperref Info: Hyper figures OFF on input line 4157.
Package hyperref Info: Link nesting OFF on input line 4162.
Package hyperref Info: Hyper index ON on input line 4165.
Package hyperref Info: Plain pages OFF on input line 4172.
Package hyperref Info: Backreferencing OFF on input line 4177.
Package hyperref Info: Implicit mode ON; LaTeX internals redefined.
Package hyperref Info: Bookmarks ON on input line 4424.
\c@Hy@tempcnt=\count319
LaTeX Info: Redefining \url on input line 4763.
\XeTeXLinkMargin=\dimen194

(C:\Program Files\MiKTeX\tex/generic/bitset\bitset.sty
Package: bitset 2019/12/09 v1.3 Handle bit-vector datatype (HO)

(C:\Program Files\MiKTeX\tex/generic/bigintcalc\bigintcalc.sty
Package: bigintcalc 2019/12/15 v1.5 Expandable calculations on big integers (HO
)
))
\Fld@menulength=\count320
\Field@Width=\dimen195
\Fld@charsize=\dimen196
Package hyperref Info: Hyper figures OFF on input line 6042.
Package hyperref Info: Link nesting OFF on input line 6047.
Package hyperref Info: Hyper index ON on input line 6050.
Package hyperref Info: backreferencing OFF on input line 6057.
Package hyperref Info: Link coloring OFF on input line 6062.
Package hyperref Info: Link coloring with OCG OFF on input line 6067.
Package hyperref Info: PDF/A mode OFF on input line 6072.

(C:\Program Files\MiKTeX\tex/latex/base\atbegshi-ltx.sty
Package: atbegshi-ltx 2021/01/10 v1.0c Emulation of the original atbegshi
package with kernel methods
)
\Hy@abspage=\count321
\c@Item=\count322
\c@Hfootnote=\count323
)
Package hyperref Info: Driver (autodetected): hpdftex.

(C:\Program Files\MiKTeX\tex/latex/hyperref\hpdftex.def
File: hpdftex.def 2024-11-05 v7.01l Hyperref driver for pdfTeX

(C:\Program Files\MiKTeX\tex/latex/base\atveryend-ltx.sty
Package: atveryend-ltx 2020/08/19 v1.0a Emulation of the original atveryend pac
kage
with kernel methods
)
\Fld@listcount=\count324
\c@bookmark@seq@number=\count325

(C:\Program Files\MiKTeX\tex/latex/rerunfilecheck\rerunfilecheck.sty
Package: rerunfilecheck 2022-07-10 v1.10 Rerun checks for auxiliary files (HO)

(C:\Program Files\MiKTeX\tex/generic/uniquecounter\uniquecounter.sty
Package: uniquecounter 2019/12/15 v1.4 Provide unlimited unique counter (HO)
)
Package uniquecounter Info: New unique counter `rerunfilecheck' on input line 2
85.
)
\Hy@SectionHShift=\skip116
)
(C:\Program Files\MiKTeX\tex/latex/float\float.sty
Package: float 2001/11/08 v1.3d Float enhancements (AL)
\c@float@type=\count326
\float@exts=\toks37
\float@box=\box67
\@float@everytoks=\toks38
\@floatcapt=\box68
)
(C:\Program Files\MiKTeX\tex/latex/listings\listings.sty
\lst@mode=\count327
\lst@gtempboxa=\box69
\lst@token=\toks39
\lst@length=\count328
\lst@currlwidth=\dimen197
\lst@column=\count329
\lst@pos=\count330
\lst@lostspace=\dimen198
\lst@width=\dimen199
\lst@newlines=\count331
\lst@lineno=\count332
\lst@maxwidth=\dimen256

(C:\Program Files\MiKTeX\tex/latex/listings\lstpatch.sty
File: lstpatch.sty 2024/09/23 1.10c (Carsten Heinz)
)
(C:\Program Files\MiKTeX\tex/latex/listings\lstmisc.sty
File: lstmisc.sty 2024/09/23 1.10c (Carsten Heinz)
\c@lstnumber=\count333
\lst@skipnumbers=\count334
\lst@framebox=\box70
)
(C:\Program Files\MiKTeX\tex/latex/listings\listings.cfg
File: listings.cfg 2024/09/23 1.10c listings configuration
))
Package: listings 2024/09/23 1.10c (Carsten Heinz)

(C:\Program Files\MiKTeX\tex/latex/booktabs\booktabs.sty
Package: booktabs 2020/01/12 v1.61803398 Publication quality tables
\heavyrulewidth=\dimen257
\lightrulewidth=\dimen258
\cmidrulewidth=\dimen259
\belowrulesep=\dimen260
\belowbottomsep=\dimen261
\aboverulesep=\dimen262
\abovetopsep=\dimen263
\cmidrulesep=\dimen264
\cmidrulekern=\dimen265
\defaultaddspace=\dimen266
\@cmidla=\count335
\@cmidlb=\count336
\@aboverulesep=\dimen267
\@belowrulesep=\dimen268
\@thisruleclass=\count337
\@lastruleclass=\count338
\@thisrulewidth=\dimen269
)
(C:\Program Files\MiKTeX\tex/latex/multirow\multirow.sty
Package: multirow 2024/11/12 v2.9 Span multiple rows of a table
\multirow@colwidth=\skip117
\multirow@cntb=\count339
\multirow@dima=\skip118
\bigstrutjot=\dimen270
)
(C:\Program Files\MiKTeX\tex/latex/tools\tabularx.sty
Package: tabularx 2023/12/11 v2.12a `tabularx' package (DPC)
\TX@col@width=\dimen271
\TX@old@table=\dimen272
\TX@old@col=\dimen273
\TX@target=\dimen274
\TX@delta=\dimen275
\TX@cols=\count340
\TX@ftn=\toks40
)
(C:\Program Files\MiKTeX\tex/latex/amsfonts\amssymb.sty
Package: amssymb 2013/01/14 v3.01 AMS font symbols
)
(C:\Program Files\MiKTeX\tex/latex/xcolor\xcolor.sty
Package: xcolor 2024/09/29 v3.02 LaTeX color extensions (UK)

(C:\Program Files\MiKTeX\tex/latex/graphics-cfg\color.cfg
File: color.cfg 2016/01/02 v1.6 sample color configuration
)
Package xcolor Info: Driver file: pdftex.def on input line 274.
LaTeX Info: Redefining \color on input line 762.

(C:\Program Files\MiKTeX\tex/latex/graphics\mathcolor.ltx)
Package xcolor Info: Model `cmy' substituted by `cmy0' on input line 1349.
Package xcolor Info: Model `hsb' substituted by `rgb' on input line 1353.
Package xcolor Info: Model `RGB' extended on input line 1365.
Package xcolor Info: Model `HTML' substituted by `rgb' on input line 1367.
Package xcolor Info: Model `Hsb' substituted by `hsb' on input line 1368.
Package xcolor Info: Model `tHsb' substituted by `hsb' on input line 1369.
Package xcolor Info: Model `HSB' substituted by `hsb' on input line 1370.
Package xcolor Info: Model `Gray' substituted by `gray' on input line 1371.
Package xcolor Info: Model `wave' substituted by `hsb' on input line 1372.
)
(C:\Program Files\MiKTeX\tex/latex/makecell\makecell.sty
Package: makecell 2009/08/03 V0.1e Managing of Tab Column Heads and Cells
\rotheadsize=\dimen276
\c@nlinenum=\count341
\TeXr@lab=\toks41
)
(C:\Program Files\MiKTeX\tex/latex/threeparttable\threeparttable.sty
Package: threeparttable 2003/06/13  v 3.0
\@tempboxb=\box71
)
(C:\Program Files\MiKTeX\tex/latex/ulem\ulem.sty
\UL@box=\box72
\UL@hyphenbox=\box73
\UL@skip=\skip119
\UL@hook=\toks42
\UL@height=\dimen277
\UL@pe=\count342
\UL@pixel=\dimen278
\ULC@box=\box74
Package: ulem 2019/11/18
\ULdepth=\dimen279
)
(C:\Program Files\MiKTeX\tex/latex/lineno\lineno.sty
Package: lineno 2025/01/29 line numbers on paragraphs v5.4
\linenopenalty=\count343
\output=\toks43
\linenoprevgraf=\count344
\linenumbersep=\dimen280
\linenumberwidth=\dimen281
\c@linenumber=\count345
\c@pagewiselinenumber=\count346
\c@LN@truepage=\count347
\c@internallinenumber=\count348
\c@internallinenumbers=\count349
\quotelinenumbersep=\dimen282
\bframerule=\dimen283
\bframesep=\dimen284
\bframebox=\box75
\@LN@amsmath@ams@eqpen=\count350
LaTeX Info: Redefining \\ on input line 3187.
)
(C:\Program Files\MiKTeX\tex/latex/csquotes\csquotes.sty
Package: csquotes 2024-04-04 v5.2o context-sensitive quotations (JAW)
\csq@reset=\count351
\csq@gtype=\count352
\csq@glevel=\count353
\csq@qlevel=\count354
\csq@maxlvl=\count355
\csq@tshold=\count356
\csq@ltx@everypar=\toks44

(C:\Program Files\MiKTeX\tex/latex/csquotes\csquotes.def
File: csquotes.def 2024-04-04 v5.2o csquotes generic definitions (JAW)
)
Package csquotes Info: Trying to load configuration file 'csquotes.cfg'...
Package csquotes Info: ... configuration file loaded successfully.

(C:\Program Files\MiKTeX\tex/latex/csquotes\csquotes.cfg
File: csquotes.cfg 
))
(C:\Program Files\MiKTeX\tex/latex/psnfss\courier.sty
Package: courier 2020/03/25 PSNFSS-v9.3 (WaS) 
)
(C:\Program Files\MiKTeX\tex/latex/listings\lstlang1.sty
File: lstlang1.sty 2024/09/23 1.10c listings language file
)
(C:\Program Files\MiKTeX\tex/latex/listings\lstlang2.sty
File: lstlang2.sty 2024/09/23 1.10c listings language file
)
(C:\Program Files\MiKTeX\tex/latex/listings\lstlang3.sty
File: lstlang3.sty 2024/09/23 1.10c listings language file
)
Package csquotes Info: Checking for multilingual support...
Package csquotes Info: ... found 'babel' package.
Package csquotes Info: Adjusting default style.
Package csquotes Info: Redefining alias 'default' -> 'polish'.

(C:\Program Files\MiKTeX\tex/latex/l3backend\l3backend-pdftex.def
File: l3backend-pdftex.def 2024-05-08 L3 backend support: PDF output (pdfTeX)
\l__color_backend_stack_int=\count357
\l__pdf_internal_box=\box76
) (praca.aux
(chapters/Lab001.aux) (chapters/Lab002.aux) (chapters/Lab003.aux)
(chapters/Lab004.aux) (appendix/statement-A.aux))
\openout1 = `praca.aux'.

LaTeX Font Info:    Checking defaults for OML/cmm/m/it on input line 212.
LaTeX Font Info:    ... okay on input line 212.
LaTeX Font Info:    Checking defaults for OMS/cmsy/m/n on input line 212.
LaTeX Font Info:    ... okay on input line 212.
LaTeX Font Info:    Checking defaults for OT1/cmr/m/n on input line 212.
LaTeX Font Info:    ... okay on input line 212.
LaTeX Font Info:    Checking defaults for T1/cmr/m/n on input line 212.
LaTeX Font Info:    ... okay on input line 212.
LaTeX Font Info:    Checking defaults for TS1/cmr/m/n on input line 212.
LaTeX Font Info:    ... okay on input line 212.
LaTeX Font Info:    Checking defaults for OMX/cmex/m/n on input line 212.
LaTeX Font Info:    ... okay on input line 212.
LaTeX Font Info:    Checking defaults for U/cmr/m/n on input line 212.
LaTeX Font Info:    ... okay on input line 212.
LaTeX Font Info:    Checking defaults for PD1/pdf/m/n on input line 212.
LaTeX Font Info:    ... okay on input line 212.
LaTeX Font Info:    Checking defaults for PU/pdf/m/n on input line 212.
LaTeX Font Info:    ... okay on input line 212.

(C:\Program Files\MiKTeX\tex/context/base/mkii\supp-pdf.mkii
[Loading MPS to PDF converter (version 2006.09.02).]
\scratchcounter=\count358
\scratchdimen=\dimen285
\scratchbox=\box77
\nofMPsegments=\count359
\nofMParguments=\count360
\everyMPshowfont=\toks45
\MPscratchCnt=\count361
\MPscratchDim=\dimen286
\MPnumerator=\count362
\makeMPintoPDFobject=\count363
\everyMPtoPDFconversion=\toks46
) (C:\Program Files\MiKTeX\tex/latex/epstopdf-pkg\epstopdf-base.sty
Package: epstopdf-base 2020-01-24 v2.11 Base part for package epstopdf
Package epstopdf-base Info: Redefining graphics rule for `.eps' on input line 4
85.

(C:\Program Files\MiKTeX\tex/latex/00miktex\epstopdf-sys.cfg
File: epstopdf-sys.cfg 2021/03/18 v2.0 Configuration of epstopdf for MiKTeX
))
*geometry* driver: auto-detecting
*geometry* detected driver: pdftex
*geometry* verbose mode - [ preamble ] result:
* driver: pdftex
* paper: <default>
* layout: <same size as paper>
* layoutoffset:(h,v)=(0.0pt,0.0pt)
* modes: twoside 
* h-part:(L,W,R)=(99.58464pt, 426.79135pt, 71.13188pt)
* v-part:(T,H,B)=(71.13188pt, 702.78308pt, 71.13188pt)
* \paperwidth=597.50787pt
* \paperheight=845.04684pt
* \textwidth=426.79135pt
* \textheight=702.78308pt
* \oddsidemargin=27.31465pt
* \evensidemargin=-1.1381pt
* \topmargin=-54.59085pt
* \headheight=28.45274pt
* \headsep=25.0pt
* \topskip=10.0pt
* \footskip=28.45274pt
* \marginparwidth=111.0pt
* \marginparsep=11.0pt
* \columnsep=10.0pt
* \skip\footins=9.0pt plus 4.0pt minus 2.0pt
* \hoffset=0.0pt
* \voffset=0.0pt
* \mag=1000
* \@twocolumnfalse
* \@twosidetrue
* \@mparswitchtrue
* \@reversemarginfalse
* (1in=72.27pt=25.4mm, 1cm=28.453pt)

Package caption Info: Begin \AtBeginDocument code.
Package caption Info: float package is loaded.
Package caption Info: hyperref package is loaded.
Package caption Info: listings package is loaded.
Package caption Info: threeparttable package is loaded.
Package caption Info: End \AtBeginDocument code.

(C:\Program Files\MiKTeX\tex/latex/translations/dicts\translations-basic-dictio
nary-polish.trsl
File: translations-basic-dictionary-polish.trsl (polish translation file `trans
lations-basic-dictionary')
)
Package translations Info: loading dictionary `translations-basic-dictionary' f
or `polish'. on input line 212.

(C:\Program Files\MiKTeX\tex/latex/translations/dicts\translations-basic-dictio
nary-english.trsl
File: translations-basic-dictionary-english.trsl (english translation file `tra
nslations-basic-dictionary')
)
Package translations Info: loading dictionary `translations-basic-dictionary' f
or `english'. on input line 212.
Package hyperref Info: Link coloring OFF on input line 212.
 (praca.out) (praca.out)
\@outlinefile=\write3
\openout3 = `praca.out'.

\c@lstlisting=\count364
LaTeX Font Info:    Trying to load font information for T1+phv on input line 21
4.

(C:\Program Files\MiKTeX\tex/latex/psnfss\t1phv.fd
File: t1phv.fd 2020/03/25 scalable font definitions for T1/phv.
)
LaTeX Font Info:    Trying to load font information for U+msa on input line 214
.

(C:\Program Files\MiKTeX\tex/latex/amsfonts\umsa.fd
File: umsa.fd 2013/01/14 v3.01 AMS symbols A
)
LaTeX Font Info:    Trying to load font information for U+msb on input line 214
.

(C:\Program Files\MiKTeX\tex/latex/amsfonts\umsb.fd
File: umsb.fd 2013/01/14 v3.01 AMS symbols B
)
<figures/ur.jpg, id=156, 134.00063pt x 134.00063pt>
File: figures/ur.jpg Graphic file (type jpg)
<use figures/ur.jpg>
Package pdftex.def Info: figures/ur.jpg  used on input line 214.
(pdftex.def)             Requested size: 93.79977pt x 93.79977pt.

Overfull \hbox (1.90001pt too wide) in paragraph at lines 214--214
$[]$  $[]$ 
 []

LaTeX Font Info:    Font shape `T1/phv/m/it' in size <14.4> not available
(Font)              Font shape `T1/phv/m/sl' tried instead on input line 214.


[1

{C:/Users/oleksij/AppData/Local/MiKTeX/fonts/map/pdftex/pdftex.map}{C:/Program 
Files/MiKTeX/fonts/enc/dvips/base/8r.enc} <./figures/ur.jpg>]


pdfTeX warning (ext4): destination with the same identifier (name{page.1}) has 
been already used, duplicate ignored
<to be read again> 
                   \relax 
l.214 \titlepages
                  [1


] (praca.toc

[5

])
\tf@toc=\write4
\openout4 = `praca.toc'.



[6]
\openout2 = `chapters/Lab001.aux'.

 (chapters/Lab001.tex
Rozdzia\l  1.

Package array Warning: Column C is already defined on input line 18.

LaTeX Font Info:    Trying to load font information for TS1+ptm on input line 4
0.
(C:\Program Files\MiKTeX\tex/latex/psnfss\ts1ptm.fd
File: ts1ptm.fd 2001/06/04 font definitions for TS1/ptm.
)
LaTeX Font Info:    Trying to load font information for T1+pcr on input line 54
.

(C:\Program Files\MiKTeX\tex/latex/psnfss\t1pcr.fd
File: t1pcr.fd 2001/06/04 font definitions for T1/pcr.
)

[7


] (C:\Program Files\MiKTeX\tex/latex/listings\lstlang1.sty
File: lstlang1.sty 2024/09/23 1.10c listings language file
)
Package hyperref Info: bookmark level for unknown lstlisting defaults to 0 on i
nput line 114.

(src/Lab001/zadanie1.m
LaTeX Font Info:    Font shape `T1/pcr/m/it' in size <8> not available
(Font)              Font shape `T1/pcr/m/sl' tried instead on input line 1.


[8])
<src/Lab001/zadanie1images/obraz_rgb.png, id=247, 542.025pt x 361.35pt>
File: src/Lab001/zadanie1images/obraz_rgb.png Graphic file (type png)
<use src/Lab001/zadanie1images/obraz_rgb.png>
Package pdftex.def Info: src/Lab001/zadanie1images/obraz_rgb.png  used on input
 line 121.
(pdftex.def)             Requested size: 192.0548pt x 128.03477pt.
<src/Lab001/zadanie1images/obraz_szary.png, id=248, 542.025pt x 361.35pt>
File: src/Lab001/zadanie1images/obraz_szary.png Graphic file (type png)
<use src/Lab001/zadanie1images/obraz_szary.png>
Package pdftex.def Info: src/Lab001/zadanie1images/obraz_szary.png  used on inp
ut line 128.
(pdftex.def)             Requested size: 192.0548pt x 128.03477pt.
<src/Lab001/zadanie1images/obraz_binarny.png, id=249, 542.025pt x 361.35pt>
File: src/Lab001/zadanie1images/obraz_binarny.png Graphic file (type png)
<use src/Lab001/zadanie1images/obraz_binarny.png>
Package pdftex.def Info: src/Lab001/zadanie1images/obraz_binarny.png  used on i
nput line 135.
(pdftex.def)             Requested size: 192.0548pt x 128.03477pt.
<src/Lab001/zadanie1images/obraz_indeksowany.png, id=250, 542.025pt x 361.35pt>

File: src/Lab001/zadanie1images/obraz_indeksowany.png Graphic file (type png)
<use src/Lab001/zadanie1images/obraz_indeksowany.png>
Package pdftex.def Info: src/Lab001/zadanie1images/obraz_indeksowany.png  used 
on input line 142.
(pdftex.def)             Requested size: 192.0548pt x 128.03477pt.
<src/Lab001/zadanie1images/kanal_czerwony.png, id=251, 542.025pt x 361.35pt>
File: src/Lab001/zadanie1images/kanal_czerwony.png Graphic file (type png)
<use src/Lab001/zadanie1images/kanal_czerwony.png>
Package pdftex.def Info: src/Lab001/zadanie1images/kanal_czerwony.png  used on 
input line 149.
(pdftex.def)             Requested size: 192.0548pt x 128.03477pt.
<src/Lab001/zadanie1images/kanal_zielony.png, id=252, 542.025pt x 361.35pt>
File: src/Lab001/zadanie1images/kanal_zielony.png Graphic file (type png)
<use src/Lab001/zadanie1images/kanal_zielony.png>
Package pdftex.def Info: src/Lab001/zadanie1images/kanal_zielony.png  used on i
nput line 156.
(pdftex.def)             Requested size: 192.0548pt x 128.03477pt.
<src/Lab001/zadanie1images/kanal_niebieski.png, id=253, 542.025pt x 361.35pt>
File: src/Lab001/zadanie1images/kanal_niebieski.png Graphic file (type png)
<use src/Lab001/zadanie1images/kanal_niebieski.png>
Package pdftex.def Info: src/Lab001/zadanie1images/kanal_niebieski.png  used on
 input line 163.
(pdftex.def)             Requested size: 192.0548pt x 128.03477pt.

Underfull \vbox (badness 10000) has occurred while \output is active []



[9]

[10 <./src/Lab001/zadanie1images/obraz_rgb.png (PNG copy)> <./src/Lab001/zadani
e1images/obraz_szary.png (PNG copy)> <./src/Lab001/zadanie1images/obraz_binarny
.png (PNG copy)> <./src/Lab001/zadanie1images/obraz_indeksowany.png> <./src/Lab
001/zadanie1images/kanal_czerwony.png (PNG copy)> <./src/Lab001/zadanie1images/
kanal_zielony.png (PNG copy)> <./src/Lab001/zadanie1images/kanal_niebieski.png 
(PNG copy)>]
LaTeX Info: Symbol \textrightarrow not provided by
            font family ptm in TS1 encoding.
            Default family used instead on input line 183.
 (src/Lab001/zadanie2.m)

[11

]
<src/Lab001/zadanie2images/obraz_equalized.png, id=338, 256.96pt x 256.96pt>
File: src/Lab001/zadanie2images/obraz_equalized.png Graphic file (type png)
<use src/Lab001/zadanie2images/obraz_equalized.png>
Package pdftex.def Info: src/Lab001/zadanie2images/obraz_equalized.png  used on
 input line 198.
(pdftex.def)             Requested size: 192.0548pt x 192.05688pt.
<src/Lab001/zadanie2images/obraz_stretched.png, id=339, 256.96pt x 256.96pt>
File: src/Lab001/zadanie2images/obraz_stretched.png Graphic file (type png)
<use src/Lab001/zadanie2images/obraz_stretched.png>
Package pdftex.def Info: src/Lab001/zadanie2images/obraz_stretched.png  used on
 input line 205.
(pdftex.def)             Requested size: 192.0548pt x 192.05688pt.


[12

 <./src/Lab001/zadanie2images/obraz_equalized.png (PNG copy)> <./src/Lab001/zad
anie2images/obraz_stretched.png (PNG copy)>] (src/Lab001/zadanie3.m)

[13

]
<src/Lab001/zadanie3images/progowanie_80.png, id=389, 256.96pt x 256.96pt>
File: src/Lab001/zadanie3images/progowanie_80.png Graphic file (type png)
<use src/Lab001/zadanie3images/progowanie_80.png>
Package pdftex.def Info: src/Lab001/zadanie3images/progowanie_80.png  used on i
nput line 271.
(pdftex.def)             Requested size: 192.0548pt x 192.05688pt.
<src/Lab001/zadanie3images/progowanie_120.png, id=390, 256.96pt x 256.96pt>
File: src/Lab001/zadanie3images/progowanie_120.png Graphic file (type png)
<use src/Lab001/zadanie3images/progowanie_120.png>
Package pdftex.def Info: src/Lab001/zadanie3images/progowanie_120.png  used on 
input line 278.
(pdftex.def)             Requested size: 192.0548pt x 192.05688pt.
<src/Lab001/zadanie3images/progowanie_160.png, id=391, 256.96pt x 256.96pt>
File: src/Lab001/zadanie3images/progowanie_160.png Graphic file (type png)
<use src/Lab001/zadanie3images/progowanie_160.png>
Package pdftex.def Info: src/Lab001/zadanie3images/progowanie_160.png  used on 
input line 285.
(pdftex.def)             Requested size: 192.0548pt x 192.05688pt.
<src/Lab001/zadanie3images/segmentacja_otsu.png, id=392, 256.96pt x 256.96pt>
File: src/Lab001/zadanie3images/segmentacja_otsu.png Graphic file (type png)
<use src/Lab001/zadanie3images/segmentacja_otsu.png>
Package pdftex.def Info: src/Lab001/zadanie3images/segmentacja_otsu.png  used o
n input line 292.
(pdftex.def)             Requested size: 192.0548pt x 192.05688pt.


[14

 <./src/Lab001/zadanie3images/progowanie_80.png (PNG copy)> <./src/Lab001/zadan
ie3images/progowanie_120.png (PNG copy)> <./src/Lab001/zadanie3images/progowani
e_160.png (PNG copy)> <./src/Lab001/zadanie3images/segmentacja_otsu.png (PNG co
py)>] (src/Lab001/zadanie4.m

[15

])
<src/Lab001/zadanie4images/obiekty_z_obramowaniem.png, id=434, 1177.5192pt x 86
9.1672pt>
File: src/Lab001/zadanie4images/obiekty_z_obramowaniem.png Graphic file (type p
ng)
<use src/Lab001/zadanie4images/obiekty_z_obramowaniem.png>
Package pdftex.def Info: src/Lab001/zadanie4images/obiekty_z_obramowaniem.png  
used on input line 352.
(pdftex.def)             Requested size: 298.75264pt x 220.51402pt.


[16 <./src/Lab001/zadanie4images/obiekty_z_obramowaniem.png (PNG copy)>]
(src/Lab001/zadanie5.m)
<src/Lab001/zadanie5images/binaryzacja_otsu.png, id=452, 256.96pt x 256.96pt>
File: src/Lab001/zadanie5images/binaryzacja_otsu.png Graphic file (type png)
<use src/Lab001/zadanie5images/binaryzacja_otsu.png>
Package pdftex.def Info: src/Lab001/zadanie5images/binaryzacja_otsu.png  used o
n input line 413.
(pdftex.def)             Requested size: 192.0548pt x 192.05688pt.
<src/Lab001/zadanie5images/segmentacja_wieloprogowa.png, id=453, 256.96pt x 256
.96pt>
File: src/Lab001/zadanie5images/segmentacja_wieloprogowa.png Graphic file (type
 png)
<use src/Lab001/zadanie5images/segmentacja_wieloprogowa.png>
Package pdftex.def Info: src/Lab001/zadanie5images/segmentacja_wieloprogowa.png
  used on input line 420.
(pdftex.def)             Requested size: 192.0548pt x 192.05688pt.


[17]

[18 <./src/Lab001/zadanie5images/binaryzacja_otsu.png (PNG copy)> <./src/Lab001
/zadanie5images/segmentacja_wieloprogowa.png (PNG copy)>])

[19]
\openout2 = `chapters/Lab002.aux'.

 (chapters/Lab002.tex
Rozdzia\l  2.

Package array Warning: Column C is already defined on input line 18.



[20




]

[21] (src/Lab002/zadanie1.m

[22

]
Underfull \vbox (badness 10000) has occurred while \output is active []



[23])
<src/Lab002/zadanie1images/filtracja_3x3.png, id=601, 328.5876pt x 255.354pt>
File: src/Lab002/zadanie1images/filtracja_3x3.png Graphic file (type png)
<use src/Lab002/zadanie1images/filtracja_3x3.png>
Package pdftex.def Info: src/Lab002/zadanie1images/filtracja_3x3.png  used on i
nput line 107.
(pdftex.def)             Requested size: 192.0548pt x 149.25096pt.
<src/Lab002/zadanie1images/filtracja_5x5.png, id=602, 328.5876pt x 199.947pt>
File: src/Lab002/zadanie1images/filtracja_5x5.png Graphic file (type png)
<use src/Lab002/zadanie1images/filtracja_5x5.png>
Package pdftex.def Info: src/Lab002/zadanie1images/filtracja_5x5.png  used on i
nput line 114.
(pdftex.def)             Requested size: 192.0548pt x 116.8663pt.
<src/Lab002/zadanie1images/szum_salt_pepper.png, id=603, 483.7272pt x 375.804pt
>
File: src/Lab002/zadanie1images/szum_salt_pepper.png Graphic file (type png)
<use src/Lab002/zadanie1images/szum_salt_pepper.png>
Package pdftex.def Info: src/Lab002/zadanie1images/szum_salt_pepper.png  used o
n input line 121.
(pdftex.def)             Requested size: 192.0548pt x 149.20648pt.
<src/Lab002/zadanie1images/filtracja_szumu.png, id=604, 328.5876pt x 181.1568pt
>
File: src/Lab002/zadanie1images/filtracja_szumu.png Graphic file (type png)
<use src/Lab002/zadanie1images/filtracja_szumu.png>
Package pdftex.def Info: src/Lab002/zadanie1images/filtracja_szumu.png  used on
 input line 128.
(pdftex.def)             Requested size: 192.0548pt x 105.88368pt.
<src/Lab002/zadanie1images/detekcja_krawedzi_po_filtracji.png, id=605, 328.5876
pt x 199.947pt>
File: src/Lab002/zadanie1images/detekcja_krawedzi_po_filtracji.png Graphic file
 (type png)
<use src/Lab002/zadanie1images/detekcja_krawedzi_po_filtracji.png>
Package pdftex.def Info: src/Lab002/zadanie1images/detekcja_krawedzi_po_filtrac
ji.png  used on input line 135.
(pdftex.def)             Requested size: 192.0548pt x 116.8663pt.
<src/Lab002/zadanie1images/filtracja_rgb.png, id=606, 328.5876pt x 199.947pt>
File: src/Lab002/zadanie1images/filtracja_rgb.png Graphic file (type png)
<use src/Lab002/zadanie1images/filtracja_rgb.png>
Package pdftex.def Info: src/Lab002/zadanie1images/filtracja_rgb.png  used on i
nput line 142.
(pdftex.def)             Requested size: 192.0548pt x 116.8663pt.
<src/Lab002/zadanie1images/porownanie_imfilter_conv2.png, id=607, 328.5876pt x 
199.947pt>
File: src/Lab002/zadanie1images/porownanie_imfilter_conv2.png Graphic file (typ
e png)
<use src/Lab002/zadanie1images/porownanie_imfilter_conv2.png>
Package pdftex.def Info: src/Lab002/zadanie1images/porownanie_imfilter_conv2.pn
g  used on input line 149.
(pdftex.def)             Requested size: 192.0548pt x 116.8663pt.

Underfull \vbox (badness 10000) has occurred while \output is active []



[24]
Underfull \vbox (badness 10000) has occurred while \output is active []



[25 <./src/Lab002/zadanie1images/filtracja_3x3.png (PNG copy)> <./src/Lab002/za
danie1images/filtracja_5x5.png (PNG copy)> <./src/Lab002/zadanie1images/szum_sa
lt_pepper.png (PNG copy)> <./src/Lab002/zadanie1images/filtracja_szumu.png (PNG
 copy)> <./src/Lab002/zadanie1images/detekcja_krawedzi_po_filtracji.png (PNG co
py)> <./src/Lab002/zadanie1images/filtracja_rgb.png (PNG copy)> <./src/Lab002/z
adanie1images/porownanie_imfilter_conv2.png (PNG copy)>])

[26]
\openout2 = `chapters/Lab003.aux'.

 (chapters/Lab003.tex
Rozdzia\l  3.

Package array Warning: Column C is already defined on input line 18.



[27




]

[28] (src/Lab003/zadanie1.m

[29]

[30]
Underfull \vbox (badness 10000) has occurred while \output is active []



[31])
<src/Lab003/results.png, id=797, 1075.1367pt x 840.9819pt>
File: src/Lab003/results.png Graphic file (type png)
<use src/Lab003/results.png>
Package pdftex.def Info: src/Lab003/results.png  used on input line 178.
(pdftex.def)             Requested size: 341.43437pt x 267.06653pt.


[32 <./src/Lab003/results.png (PNG copy)>])

[33]
\openout2 = `chapters/Lab004.aux'.

 (chapters/Lab004.tex
Rozdzia\l  4.

Package array Warning: Column C is already defined on input line 18.

)

[34




] (praca.bbl)

[35



] (praca.lof
Underfull \hbox (badness 1163) in paragraph at lines 11--11
 [][] [][]\T1/ptm/m/n/10 Porównanie wy-ni-ków: Ory-gi-naª, ‘cie-nia-nie stan-da
r-dowe, ‘cie-nia-nie zmo-dy-fi-ko-wane, 
 []

)
\tf@lof=\write5
\openout5 = `praca.lof'.



[36

] (praca.lot)
\tf@lot=\write6
\openout6 = `praca.lot'.



[37

] (praca.lol)
\tf@lol=\write7
\openout7 = `praca.lol'.



[38



]
\openout2 = `appendix/statement-A.aux'.

 (appendix/statement-A.tex
Underfull \hbox (badness 10000) in paragraph at lines 19--22

 []


Underfull \hbox (badness 10000) in paragraph at lines 23--24

 []


Underfull \hbox (badness 10000) in paragraph at lines 25--27

 []

)

[39



] (praca.aux (chapters/Lab001.aux) (chapters/Lab002.aux)
(chapters/Lab003.aux) (chapters/Lab004.aux) (appendix/statement-A.aux))
 ***********
LaTeX2e <2024-11-01> patch level 2
L3 programming layer <2025-01-18>
 ***********
Package rerunfilecheck Info: File `praca.out' has not changed.
(rerunfilecheck)             Checksum: 461AD55687278D989DFB20E7714D8A20;6103.
 ) 
Here is how much of TeX's memory you used:
 24806 strings out of 473522
 463914 string characters out of 5724670
 1406464 words of memory out of 5000000
 47065 multiletter control sequences out of 15000+600000
 628607 words of font info for 99 fonts, out of 8000000 for 9000
 1141 hyphenation exceptions out of 8191
 88i,16n,94p,752b,3350s stack positions out of 10000i,1000n,20000p,200000b,200000s
 <C:\Users\oleksij\AppData\Local\MiKTeX\fonts/pk/ljfour/jknappen/ec/dpi600\tc
rm1000.pk><C:/Program Files/MiKTeX/fonts/type1/public/amsfonts/cm/cmex10.pfb><C
:/Program Files/MiKTeX/fonts/type1/public/amsfonts/cm/cmmi10.pfb><C:/Program Fi
les/MiKTeX/fonts/type1/public/amsfonts/cm/cmmi7.pfb><C:/Program Files/MiKTeX/fo
nts/type1/public/amsfonts/cm/cmr10.pfb><C:/Program Files/MiKTeX/fonts/type1/pub
lic/amsfonts/cm/cmr7.pfb><C:/Program Files/MiKTeX/fonts/type1/public/amsfonts/c
m/cmsy10.pfb><C:/Program Files/MiKTeX/fonts/type1/public/amsfonts/cm/cmsy7.pfb>
<C:/Program Files/MiKTeX/fonts/type1/urw/courier/ucrb8a.pfb><C:/Program Files/M
iKTeX/fonts/type1/urw/courier/ucrr8a.pfb><C:/Program Files/MiKTeX/fonts/type1/u
rw/courier/ucrro8a.pfb><C:/Program Files/MiKTeX/fonts/type1/urw/helvetic/uhvb8a
.pfb><C:/Program Files/MiKTeX/fonts/type1/urw/helvetic/uhvr8a.pfb><C:/Program F
iles/MiKTeX/fonts/type1/urw/helvetic/uhvro8a.pfb><C:/Program Files/MiKTeX/fonts
/type1/urw/times/utmb8a.pfb><C:/Program Files/MiKTeX/fonts/type1/urw/times/utmr
8a.pfb><C:/Program Files/MiKTeX/fonts/type1/urw/times/utmr8a.pfb><C:/Program Fi
les/MiKTeX/fonts/type1/urw/times/utmri8a.pfb>
Output written on praca.pdf (37 pages, 7400732 bytes).
PDF statistics:
 1078 PDF objects out of 1200 (max. 8388607)
 552 named destinations out of 1000 (max. 500000)
 438 words of extra memory for PDF output out of 10000 (max. 10000000)

